16:58:38 **** Incremental Build of configuration Debug for project Zybo-Z7-10-HDMI ****
make all 
make --no-print-directory pre-build
a9-linaro-pre-build-step
 
make --no-print-directory main-build
Building file: ../src/video_demo.c
Invoking: ARM v7 gcc compiler
arm-none-eabi-gcc -DDEBUG -Wall -O0 -g3 -ID:/Zybo-Z7-SW/src/Zybo-Z7-10-HDMI/src -c -fmessage-length=0 -MT"src/video_demo.o" -mcpu=cortex-a9 -mfpu=vfpv3 -mfloat-abi=hard -I/home/user/Desktop/Personal_Stuff/Homework/an4/LICENTA/licenta_repo/vivado/hdmi_demo/demo/design_1_wrapper/export/design_1_wrapper/sw/design_1_wrapper/domain_ps7_cortexa9_0/bspinclude/include -MMD -MP -MF"src/video_demo.d" -MT"src/video_demo.o" -o "src/video_demo.o" "../src/video_demo.c"
In file included from /home/user/Desktop/Personal_Stuff/Homework/an4/LICENTA/licenta_repo/vivado/hdmi_demo/demo/design_1_wrapper/export/design_1_wrapper/sw/design_1_wrapper/domain_ps7_cortexa9_0/bspinclude/include/xaxivdma_i.h:52,
                 from /home/user/Desktop/Personal_Stuff/Homework/an4/LICENTA/licenta_repo/vivado/hdmi_demo/demo/design_1_wrapper/export/design_1_wrapper/sw/design_1_wrapper/domain_ps7_cortexa9_0/bspinclude/include/xaxivdma.h:297,
                 from ../src/video_capture/video_capture.h:75,
                 from ../src/video_demo.h:7,
                 from ../src/video_demo.c:1:
/home/user/Desktop/Personal_Stuff/Homework/an4/LICENTA/licenta_repo/vivado/hdmi_demo/demo/design_1_wrapper/export/design_1_wrapper/sw/design_1_wrapper/domain_ps7_cortexa9_0/bspinclude/include/xdebug.h:21:2: warning: #warning DEBUG is enabled [-Wcpp]
   21 | #warning DEBUG is enabled
      |  ^~~~~~~
In file included from ../src/video_demo.c:4:
/home/user/Desktop/Personal_Stuff/Homework/an4/LICENTA/licenta_repo/vivado/hdmi_demo/demo/design_1_wrapper/export/design_1_wrapper/sw/design_1_wrapper/domain_ps7_cortexa9_0/bspinclude/include/xuartps.h:450: warning: "XUartPs_IsTransmitEmpty" redefined
  450 | #define XUartPs_IsTransmitEmpty(InstancePtr)                            \
      | 
In file included from /home/user/Desktop/Personal_Stuff/Homework/an4/LICENTA/licenta_repo/vivado/hdmi_demo/demo/design_1_wrapper/export/design_1_wrapper/sw/design_1_wrapper/domain_ps7_cortexa9_0/bspinclude/include/xuartps.h:170:
/home/user/Desktop/Personal_Stuff/Homework/an4/LICENTA/licenta_repo/vivado/hdmi_demo/demo/design_1_wrapper/export/design_1_wrapper/sw/design_1_wrapper/domain_ps7_cortexa9_0/bspinclude/include/xuartps_hw.h:424: note: this is the location of the previous definition
  424 | #define XUartPs_IsTransmitEmpty(BaseAddress)                     \
      | 
Finished building: ../src/video_demo.c
 
Building target: Zybo-Z7-10-HDMI.elf
Invoking: ARM v7 gcc linker
arm-none-eabi-gcc -mcpu=cortex-a9 -mfpu=vfpv3 -mfloat-abi=hard -Wl,-build-id=none -specs=Xilinx.spec -Wl,-T -Wl,../src/lscript.ld -L/home/user/Desktop/Personal_Stuff/Homework/an4/LICENTA/licenta_repo/vivado/hdmi_demo/demo/design_1_wrapper/export/design_1_wrapper/sw/design_1_wrapper/domain_ps7_cortexa9_0/bsplib/lib -o "Zybo-Z7-10-HDMI.elf" ./src/video_capture/video_capture.o  ./src/timer_ps/timer_ps.o  ./src/meshes/mesh_cube.o ./src/meshes/mesh_human.o ./src/meshes/mesh_teapot.o  ./src/intc/intc.o  ./src/dynclk/dynclk.o  ./src/display_ctrl/display_ctrl.o  ./src/video_demo.o   -Wl,--start-group,-lxil,-lgcc,-lc,--end-group
Finished building target: Zybo-Z7-10-HDMI.elf
 
Invoking: ARM v7 Print Size
arm-none-eabi-size Zybo-Z7-10-HDMI.elf  |tee "Zybo-Z7-10-HDMI.elf.size"
   text	   data	    bss	    dec	    hex	filename
 102163	   3504	24909088	25014755	17db1e3	Zybo-Z7-10-HDMI.elf
Finished building: Zybo-Z7-10-HDMI.elf.size
 

16:58:38 Build Finished (took 320ms)

